Archive member included to satisfy reference by file (symbol)

c:/nxp/lpcxpresso_8.1.4_606/lpcxpresso/tools/bin/../lib/gcc/arm-none-eabi/5.2.1/../../../../arm-none-eabi/lib/armv7-m\libcr_c.a(__weak__main.o)
                              ./src/cr_startup_lpc175x_6x.o (__main)

Discarded input sections

 .group         0x00000000        0x8 ./src/DR_PLL.o
 .group         0x00000000        0x8 ./src/DR_PLL.o
 .group         0x00000000        0x8 ./src/DR_PLL.o
 .text          0x00000000        0x0 ./src/DR_PLL.o
 .data          0x00000000        0x0 ./src/DR_PLL.o
 .bss           0x00000000        0x0 ./src/DR_PLL.o
 .group         0x00000000        0x8 ./src/DR_Timer.o
 .group         0x00000000        0x8 ./src/DR_Timer.o
 .group         0x00000000        0x8 ./src/DR_Timer.o
 .group         0x00000000        0x8 ./src/DR_Timer.o
 .group         0x00000000        0x8 ./src/DR_Timer.o
 .group         0x00000000        0x8 ./src/DR_Timer.o
 .group         0x00000000        0x8 ./src/DR_Timer.o
 .group         0x00000000        0x8 ./src/DR_Timer.o
 .group         0x00000000        0x8 ./src/DR_Timer.o
 .text          0x00000000        0x0 ./src/DR_Timer.o
 .data          0x00000000        0x0 ./src/DR_Timer.o
 .bss           0x00000000        0x0 ./src/DR_Timer.o
 .text.TIMER_DeInit
                0x00000000      0x134 ./src/DR_Timer.o
 .text.TIMER_Stop
                0x00000000       0x7c ./src/DR_Timer.o
 .text.TIMER_Reset
                0x00000000       0xac ./src/DR_Timer.o
 .text.TIMER_ConfigureCaptureChannel
                0x00000000      0x1e8 ./src/DR_Timer.o
 .text.TIMER_GetCounterValue
                0x00000000       0x60 ./src/DR_Timer.o
 .text.TIMER_GetCaptureState
                0x00000000       0x50 ./src/DR_Timer.o
 .text.TIMER_GetCaptureCount
                0x00000000       0x3c ./src/DR_Timer.o
 .text.TIMER_ResetCaptureCount
                0x00000000       0x3c ./src/DR_Timer.o
 .text.TIMER_GetLastCaptureValue
                0x00000000       0xc4 ./src/DR_Timer.o
 .debug_macro   0x00000000      0x886 ./src/DR_Timer.o
 .group         0x00000000        0x8 ./src/DR_gpio.o
 .group         0x00000000        0x8 ./src/DR_gpio.o
 .group         0x00000000        0x8 ./src/DR_gpio.o
 .text          0x00000000        0x0 ./src/DR_gpio.o
 .data          0x00000000        0x0 ./src/DR_gpio.o
 .bss           0x00000000        0x0 ./src/DR_gpio.o
 .text.SetMODE  0x00000000       0x9c ./src/DR_gpio.o
 .text.GetPIN   0x00000000       0x54 ./src/DR_gpio.o
 .debug_macro   0x00000000      0x886 ./src/DR_gpio.o
 .debug_macro   0x00000000       0x2e ./src/DR_gpio.o
 .group         0x00000000        0x8 ./src/DR_pinsel.o
 .group         0x00000000        0x8 ./src/DR_pinsel.o
 .group         0x00000000        0x8 ./src/DR_pinsel.o
 .text          0x00000000        0x0 ./src/DR_pinsel.o
 .data          0x00000000        0x0 ./src/DR_pinsel.o
 .bss           0x00000000        0x0 ./src/DR_pinsel.o
 .text.SetPINSEL
                0x00000000       0x88 ./src/DR_pinsel.o
 .debug_info    0x00000000       0xa6 ./src/DR_pinsel.o
 .debug_abbrev  0x00000000       0x70 ./src/DR_pinsel.o
 .debug_aranges
                0x00000000       0x20 ./src/DR_pinsel.o
 .debug_ranges  0x00000000       0x10 ./src/DR_pinsel.o
 .debug_macro   0x00000000       0x29 ./src/DR_pinsel.o
 .debug_macro   0x00000000      0x886 ./src/DR_pinsel.o
 .debug_macro   0x00000000       0x2e ./src/DR_pinsel.o
 .debug_macro   0x00000000       0x5e ./src/DR_pinsel.o
 .debug_line    0x00000000       0x66 ./src/DR_pinsel.o
 .debug_str     0x00000000     0x2698 ./src/DR_pinsel.o
 .comment       0x00000000       0x6f ./src/DR_pinsel.o
 .debug_frame   0x00000000       0x38 ./src/DR_pinsel.o
 .ARM.attributes
                0x00000000       0x33 ./src/DR_pinsel.o
 .group         0x00000000        0x8 ./src/cr_startup_lpc175x_6x.o
 .text          0x00000000        0x0 ./src/cr_startup_lpc175x_6x.o
 .data          0x00000000        0x0 ./src/cr_startup_lpc175x_6x.o
 .bss           0x00000000        0x0 ./src/cr_startup_lpc175x_6x.o
 .debug_macro   0x00000000      0x886 ./src/cr_startup_lpc175x_6x.o
 .group         0x00000000        0x8 ./src/crp.o
 .group         0x00000000        0x8 ./src/crp.o
 .text          0x00000000        0x0 ./src/crp.o
 .data          0x00000000        0x0 ./src/crp.o
 .bss           0x00000000        0x0 ./src/crp.o
 .debug_macro   0x00000000      0x886 ./src/crp.o
 .group         0x00000000        0x8 ./src/main.o
 .group         0x00000000        0x8 ./src/main.o
 .group         0x00000000        0x8 ./src/main.o
 .group         0x00000000        0x8 ./src/main.o
 .group         0x00000000        0x8 ./src/main.o
 .group         0x00000000        0x8 ./src/main.o
 .text          0x00000000        0x0 ./src/main.o
 .data          0x00000000        0x0 ./src/main.o
 .bss           0x00000000        0x0 ./src/main.o
 .debug_macro   0x00000000      0x886 ./src/main.o
 .debug_macro   0x00000000       0x2e ./src/main.o
 .debug_macro   0x00000000      0x263 ./src/main.o
 .text          0x00000000        0x0 c:/nxp/lpcxpresso_8.1.4_606/lpcxpresso/tools/bin/../lib/gcc/arm-none-eabi/5.2.1/../../../../arm-none-eabi/lib/armv7-m\libcr_c.a(__weak__main.o)
 .data          0x00000000        0x0 c:/nxp/lpcxpresso_8.1.4_606/lpcxpresso/tools/bin/../lib/gcc/arm-none-eabi/5.2.1/../../../../arm-none-eabi/lib/armv7-m\libcr_c.a(__weak__main.o)
 .bss           0x00000000        0x0 c:/nxp/lpcxpresso_8.1.4_606/lpcxpresso/tools/bin/../lib/gcc/arm-none-eabi/5.2.1/../../../../arm-none-eabi/lib/armv7-m\libcr_c.a(__weak__main.o)

Memory Configuration

Name             Origin             Length             Attributes
MFlash512        0x00000000         0x00080000         xr
RamLoc32         0x10000000         0x00008000         xrw
RamAHB32         0x2007c000         0x00008000         xrw
*default*        0x00000000         0xffffffff

Linker script and memory map

LOAD ./src/DR_PLL.o
LOAD ./src/DR_Timer.o
LOAD ./src/DR_gpio.o
LOAD ./src/DR_pinsel.o
LOAD ./src/cr_startup_lpc175x_6x.o
LOAD ./src/crp.o
LOAD ./src/main.o
START GROUP
LOAD c:/nxp/lpcxpresso_8.1.4_606/lpcxpresso/tools/bin/../lib/gcc/arm-none-eabi/5.2.1/../../../../arm-none-eabi/lib/armv7-m\libcr_c.a
LOAD c:/nxp/lpcxpresso_8.1.4_606/lpcxpresso/tools/bin/../lib/gcc/arm-none-eabi/5.2.1/armv7-m\libcr_eabihelpers.a
END GROUP
                0x00000000                __base_MFlash512 = 0x0
                0x00000000                __base_Flash = 0x0
                0x00080000                __top_MFlash512 = 0x80000
                0x00080000                __top_Flash = 0x80000
                0x10000000                __base_RamLoc32 = 0x10000000
                0x10000000                __base_RAM = 0x10000000
                0x10008000                __top_RamLoc32 = 0x10008000
                0x10008000                __top_RAM = 0x10008000
                0x2007c000                __base_RamAHB32 = 0x2007c000
                0x2007c000                __base_RAM2 = 0x2007c000
                0x20084000                __top_RamAHB32 = 0x20084000
                0x20084000                __top_RAM2 = 0x20084000

.text           0x00000000      0xc28
 FILL mask 0xff
                0x00000000                __vectors_start__ = ABSOLUTE (.)
 *(.isr_vector)
 .isr_vector    0x00000000       0xcc ./src/cr_startup_lpc175x_6x.o
                0x00000000                g_pfnVectors
                0x000000cc                . = ALIGN (0x4)
                0x000000cc                __section_table_start = .
                0x000000cc                __data_section_table = .
                0x000000cc        0x4 LONG 0xc28 LOADADDR (.data)
                0x000000d0        0x4 LONG 0x10000000 ADDR (.data)
                0x000000d4        0x4 LONG 0x0 SIZEOF (.data)
                0x000000d8        0x4 LONG 0xc28 LOADADDR (.data_RAM2)
                0x000000dc        0x4 LONG 0x2007c000 ADDR (.data_RAM2)
                0x000000e0        0x4 LONG 0x0 SIZEOF (.data_RAM2)
                0x000000e4                __data_section_table_end = .
                0x000000e4                __bss_section_table = .
                0x000000e4        0x4 LONG 0x10000000 ADDR (.bss)
                0x000000e8        0x4 LONG 0x48 SIZEOF (.bss)
                0x000000ec        0x4 LONG 0x2007c000 ADDR (.bss_RAM2)
                0x000000f0        0x4 LONG 0x0 SIZEOF (.bss_RAM2)
                0x000000f4                __bss_section_table_end = .
                0x000000f4                __section_table_end = .
 *(.after_vectors*)
 .after_vectors
                0x000000f4      0x140 ./src/cr_startup_lpc175x_6x.o
                0x000000f4                data_init
                0x00000138                bss_init
                0x00000170                ResetISR
                0x000001e4                NMI_Handler
                0x000001ec                HardFault_Handler
                0x000001f4                MemManage_Handler
                0x000001fc                BusFault_Handler
                0x00000204                UsageFault_Handler
                0x0000020c                SVC_Handler
                0x00000214                DebugMon_Handler
                0x0000021c                PendSV_Handler
                0x00000224                SysTick_Handler
                0x0000022c                CANActivity_IRQHandler
                0x0000022c                UART0_IRQHandler
                0x0000022c                I2C1_IRQHandler
                0x0000022c                EINT3_IRQHandler
                0x0000022c                UART1_IRQHandler
                0x0000022c                IntDefaultHandler
                0x0000022c                PLL0_IRQHandler
                0x0000022c                CAN_IRQHandler
                0x0000022c                PWM1_IRQHandler
                0x0000022c                SSP0_IRQHandler
                0x0000022c                I2S_IRQHandler
                0x0000022c                I2C2_IRQHandler
                0x0000022c                RTC_IRQHandler
                0x0000022c                SPI_IRQHandler
                0x0000022c                USBActivity_IRQHandler
                0x0000022c                EINT1_IRQHandler
                0x0000022c                UART2_IRQHandler
                0x0000022c                ADC_IRQHandler
                0x0000022c                SSP1_IRQHandler
                0x0000022c                USB_IRQHandler
                0x0000022c                BOD_IRQHandler
                0x0000022c                EINT2_IRQHandler
                0x0000022c                WDT_IRQHandler
                0x0000022c                I2C0_IRQHandler
                0x0000022c                QEI_IRQHandler
                0x0000022c                EINT0_IRQHandler
                0x0000022c                RIT_IRQHandler
                0x0000022c                DMA_IRQHandler
                0x0000022c                PLL1_IRQHandler
                0x0000022c                UART3_IRQHandler
                0x0000022c                MCPWM_IRQHandler
                0x0000022c                ENET_IRQHandler
                0x000002fc                . = 0x2fc
 *fill*         0x00000234       0xc8 ff
                0x000002fc                PROVIDE (__CRP_WORD_START__, .)
 *(.crp)
 .crp           0x000002fc        0x4 ./src/crp.o
                0x000002fc                CRP_WORD
                0x00000300                PROVIDE (__CRP_WORD_END__, .)
                0x00000001                ASSERT (! ((__CRP_WORD_START__ == __CRP_WORD_END__)), Linker CRP Enabled, but no CRP_WORD provided within application)
 *(.text*)
 .text.InicializarPLL
                0x00000300      0x140 ./src/DR_PLL.o
                0x00000300                InicializarPLL
 .text.TIMER_Init
                0x00000440      0x1c4 ./src/DR_Timer.o
                0x00000440                TIMER_Init
 .text.TIMER_SetRunningFrequency
                0x00000604       0xa4 ./src/DR_Timer.o
                0x00000604                TIMER_SetRunningFrequency
 .text.TIMER_SetMatch
                0x000006a8      0x118 ./src/DR_Timer.o
                0x000006a8                TIMER_SetMatch
 .text.TIMER_SetMatchCallback
                0x000007c0       0x2c ./src/DR_Timer.o
                0x000007c0                TIMER_SetMatchCallback
 .text.TIMER_Start
                0x000007ec       0x7c ./src/DR_Timer.o
                0x000007ec                TIMER_Start
 .text.TIMER0_IRQHandler
                0x00000868       0x94 ./src/DR_Timer.o
                0x00000868                TIMER0_IRQHandler
 .text.TIMER1_IRQHandler
                0x000008fc       0x8c ./src/DR_Timer.o
                0x000008fc                TIMER1_IRQHandler
 .text.TIMER2_IRQHandler
                0x00000988       0x8c ./src/DR_Timer.o
                0x00000988                TIMER2_IRQHandler
 .text.TIMER3_IRQHandler
                0x00000a14       0x8c ./src/DR_Timer.o
                0x00000a14                TIMER3_IRQHandler
 .text.SetDIR   0x00000aa0       0x74 ./src/DR_gpio.o
                0x00000aa0                SetDIR
 .text.SetPIN   0x00000b14       0x78 ./src/DR_gpio.o
                0x00000b14                SetPIN
 .text.main     0x00000b8c       0x5c ./src/main.o
                0x00000b8c                main
 .text.TimerInterrupt
                0x00000be8       0x3c ./src/main.o
                0x00000be8                TimerInterrupt
 .text.__weak_main
                0x00000c24        0x4 c:/nxp/lpcxpresso_8.1.4_606/lpcxpresso/tools/bin/../lib/gcc/arm-none-eabi/5.2.1/../../../../arm-none-eabi/lib/armv7-m\libcr_c.a(__weak__main.o)
                0x00000c24                __weak_main
                0x00000c24                __main
 *(.rodata .rodata.* .constdata .constdata.*)
                0x00000c28                . = ALIGN (0x4)

.glue_7         0x00000c28        0x0
 .glue_7        0x00000c28        0x0 linker stubs

.glue_7t        0x00000c28        0x0
 .glue_7t       0x00000c28        0x0 linker stubs

.vfp11_veneer   0x00000c28        0x0
 .vfp11_veneer  0x00000c28        0x0 linker stubs

.v4_bx          0x00000c28        0x0
 .v4_bx         0x00000c28        0x0 linker stubs

.iplt           0x00000c28        0x0
 .iplt          0x00000c28        0x0 ./src/DR_PLL.o

.rel.dyn        0x00000c28        0x0
 .rel.iplt      0x00000c28        0x0 ./src/DR_PLL.o

.ARM.extab
 *(.ARM.extab* .gnu.linkonce.armextab.*)
                0x00000c28                __exidx_start = .

.ARM.exidx
 *(.ARM.exidx* .gnu.linkonce.armexidx.*)
                0x00000c28                __exidx_end = .
                0x00000c28                _etext = .

.data_RAM2      0x2007c000        0x0 load address 0x00000c28
 FILL mask 0xff
                [!provide]                PROVIDE (__start_data_RAM2, .)
 *(.ramfunc.$RAM2)
 *(.ramfunc.$RamAHB32)
 *(.data.$RAM2*)
 *(.data.$RamAHB32*)
                0x2007c000                . = ALIGN (0x4)
                [!provide]                PROVIDE (__end_data_RAM2, .)

.uninit_RESERVED
                0x10000000        0x0
 *(.bss.$RESERVED*)
                0x10000000                . = ALIGN (0x4)
                0x10000000                _end_uninit_RESERVED = .

.data           0x10000000        0x0 load address 0x00000c28
 FILL mask 0xff
                0x10000000                _data = .
 *(vtable)
 *(.ramfunc*)
 *(.data*)
                0x10000000                . = ALIGN (0x4)
                0x10000000                _edata = .

.igot.plt       0x10000000        0x0 load address 0x00000c28
 .igot.plt      0x10000000        0x0 ./src/DR_PLL.o

.bss_RAM2       0x2007c000        0x0
                [!provide]                PROVIDE (__start_bss_RAM2, .)
 *(.bss.$RAM2*)
 *(.bss.$RamAHB32*)
                0x2007c000                . = ALIGN ((. != 0x0)?0x4:0x1)
                [!provide]                PROVIDE (__end_bss_RAM2, .)

.bss            0x10000000       0x48
                0x10000000                _bss = .
 *(.bss*)
 .bss.g_matchCallback
                0x10000000       0x10 ./src/DR_Timer.o
 .bss.g_runningFreq
                0x10000010       0x10 ./src/DR_Timer.o
                0x10000010                g_runningFreq
 .bss.g_capturePulseCounter
                0x10000020       0x20 ./src/DR_Timer.o
                0x10000020                g_capturePulseCounter
 .bss.g_captureState
                0x10000040        0x8 ./src/DR_Timer.o
                0x10000040                g_captureState
 *(COMMON)
                0x10000048                . = ALIGN (0x4)
                0x10000048                _ebss = .
                [!provide]                PROVIDE (end, .)

.noinit_RAM2    0x2007c000        0x0
 *(.noinit.$RAM2*)
 *(.noinit.$RamAHB32*)
                0x2007c000                . = ALIGN (0x4)

.noinit         0x10000048        0x0
                0x10000048                _noinit = .
 *(.noinit*)
                0x10000048                . = ALIGN (0x4)
                0x10000048                _end_noinit = .
                [!provide]                PROVIDE (_pvHeapStart, DEFINED (__user_heap_base)?__user_heap_base:.)
                0x10008000                PROVIDE (_vStackTop, DEFINED (__user_stack_top)?__user_stack_top:(__top_RamLoc32 - 0x0))
                0xefff74c6                PROVIDE (__valid_user_code_checksum, (0x0 - ((((((_vStackTop + (ResetISR + 0x1)) + (NMI_Handler + 0x1)) + (HardFault_Handler + 0x1)) + (DEFINED (MemManage_Handler)?MemManage_Handler:0x0 + 0x1)) + (DEFINED (BusFault_Handler)?BusFault_Handler:0x0 + 0x1)) + (DEFINED (UsageFault_Handler)?UsageFault_Handler:0x0 + 0x1))))
OUTPUT(TimerDriver.axf elf32-littlearm)

.debug_info     0x00000000      0x9cc
 .debug_info    0x00000000       0x70 ./src/DR_PLL.o
 .debug_info    0x00000070      0x47a ./src/DR_Timer.o
 .debug_info    0x000004ea      0x1c1 ./src/DR_gpio.o
 .debug_info    0x000006ab      0x24e ./src/cr_startup_lpc175x_6x.o
 .debug_info    0x000008f9       0x3f ./src/crp.o
 .debug_info    0x00000938       0x94 ./src/main.o

.debug_abbrev   0x00000000      0x3fc
 .debug_abbrev  0x00000000       0x52 ./src/DR_PLL.o
 .debug_abbrev  0x00000052      0x14a ./src/DR_Timer.o
 .debug_abbrev  0x0000019c       0xba ./src/DR_gpio.o
 .debug_abbrev  0x00000256       0xf5 ./src/cr_startup_lpc175x_6x.o
 .debug_abbrev  0x0000034b       0x36 ./src/crp.o
 .debug_abbrev  0x00000381       0x7b ./src/main.o

.debug_aranges  0x00000000      0x1c0
 .debug_aranges
                0x00000000       0x20 ./src/DR_PLL.o
 .debug_aranges
                0x00000020       0xa8 ./src/DR_Timer.o
 .debug_aranges
                0x000000c8       0x38 ./src/DR_gpio.o
 .debug_aranges
                0x00000100       0x80 ./src/cr_startup_lpc175x_6x.o
 .debug_aranges
                0x00000180       0x18 ./src/crp.o
 .debug_aranges
                0x00000198       0x28 ./src/main.o

.debug_ranges   0x00000000      0x158
 .debug_ranges  0x00000000       0x10 ./src/DR_PLL.o
 .debug_ranges  0x00000010       0x98 ./src/DR_Timer.o
 .debug_ranges  0x000000a8       0x28 ./src/DR_gpio.o
 .debug_ranges  0x000000d0       0x70 ./src/cr_startup_lpc175x_6x.o
 .debug_ranges  0x00000140       0x18 ./src/main.o

.debug_macro    0x00000000     0x19cf
 .debug_macro   0x00000000       0x29 ./src/DR_PLL.o
 .debug_macro   0x00000029      0x886 ./src/DR_PLL.o
 .debug_macro   0x000008af       0x2e ./src/DR_PLL.o
 .debug_macro   0x000008dd      0x263 ./src/DR_PLL.o
 .debug_macro   0x00000b40       0x6f ./src/DR_Timer.o
 .debug_macro   0x00000baf       0x10 ./src/DR_Timer.o
 .debug_macro   0x00000bbf      0x12d ./src/DR_Timer.o
 .debug_macro   0x00000cec       0xa0 ./src/DR_Timer.o
 .debug_macro   0x00000d8c       0x28 ./src/DR_Timer.o
 .debug_macro   0x00000db4      0x271 ./src/DR_Timer.o
 .debug_macro   0x00001025       0x64 ./src/DR_Timer.o
 .debug_macro   0x00001089      0x269 ./src/DR_Timer.o
 .debug_macro   0x000012f2       0x2e ./src/DR_Timer.o
 .debug_macro   0x00001320       0x29 ./src/DR_gpio.o
 .debug_macro   0x00001349      0x16c ./src/DR_gpio.o
 .debug_macro   0x000014b5       0x1d ./src/cr_startup_lpc175x_6x.o
 .debug_macro   0x000014d2       0x1a ./src/crp.o
 .debug_macro   0x000014ec       0x34 ./src/crp.o
 .debug_macro   0x00001520       0x44 ./src/main.o
 .debug_macro   0x00001564       0x82 ./src/main.o
 .debug_macro   0x000015e6      0x172 ./src/main.o
 .debug_macro   0x00001758      0x277 ./src/main.o

.debug_line     0x00000000      0x761
 .debug_line    0x00000000       0x9c ./src/DR_PLL.o
 .debug_line    0x0000009c      0x3e7 ./src/DR_Timer.o
 .debug_line    0x00000483       0xa8 ./src/DR_gpio.o
 .debug_line    0x0000052b       0xd4 ./src/cr_startup_lpc175x_6x.o
 .debug_line    0x000005ff       0x78 ./src/crp.o
 .debug_line    0x00000677       0xea ./src/main.o

.debug_str      0x00000000     0x4bec
 .debug_str     0x00000000     0x2d01 ./src/DR_PLL.o
                               0x2d3e (size before relaxing)
 .debug_str     0x00002d01     0x132b ./src/DR_Timer.o
                               0x4059 (size before relaxing)
 .debug_str     0x0000402c      0x4a4 ./src/DR_gpio.o
                               0x29ec (size before relaxing)
 .debug_str     0x000044d0      0x1c2 ./src/cr_startup_lpc175x_6x.o
                               0x267f (size before relaxing)
 .debug_str     0x00004692       0xe9 ./src/crp.o
                               0x2597 (size before relaxing)
 .debug_str     0x0000477b      0x471 ./src/main.o
                               0x3dac (size before relaxing)

.comment        0x00000000       0x6e
 .comment       0x00000000       0x6e ./src/DR_PLL.o
                                 0x6f (size before relaxing)
 .comment       0x0000006e       0x6f ./src/DR_Timer.o
 .comment       0x0000006e       0x6f ./src/DR_gpio.o
 .comment       0x0000006e       0x6f ./src/cr_startup_lpc175x_6x.o
 .comment       0x0000006e       0x6f ./src/crp.o
 .comment       0x0000006e       0x6f ./src/main.o
 .comment       0x0000006e       0x6f c:/nxp/lpcxpresso_8.1.4_606/lpcxpresso/tools/bin/../lib/gcc/arm-none-eabi/5.2.1/../../../../arm-none-eabi/lib/armv7-m\libcr_c.a(__weak__main.o)

.ARM.attributes
                0x00000000       0x33
 .ARM.attributes
                0x00000000       0x33 ./src/DR_PLL.o
 .ARM.attributes
                0x00000033       0x33 ./src/DR_Timer.o
 .ARM.attributes
                0x00000066       0x33 ./src/DR_gpio.o
 .ARM.attributes
                0x00000099       0x33 ./src/cr_startup_lpc175x_6x.o
 .ARM.attributes
                0x000000cc       0x33 ./src/crp.o
 .ARM.attributes
                0x000000ff       0x33 ./src/main.o
 .ARM.attributes
                0x00000132       0x33 c:/nxp/lpcxpresso_8.1.4_606/lpcxpresso/tools/bin/../lib/gcc/arm-none-eabi/5.2.1/../../../../arm-none-eabi/lib/armv7-m\libcr_c.a(__weak__main.o)

.debug_frame    0x00000000      0x550
 .debug_frame   0x00000000       0x30 ./src/DR_PLL.o
 .debug_frame   0x00000030      0x2b0 ./src/DR_Timer.o
 .debug_frame   0x000002e0       0xb0 ./src/DR_gpio.o
 .debug_frame   0x00000390      0x170 ./src/cr_startup_lpc175x_6x.o
 .debug_frame   0x00000500       0x50 ./src/main.o
